// Jest Snapshot v1, https://goo.gl/fbAQLP

exports[`ContactForm renders correctly 1`] = `
<div>
  <section>
    <h2>
      Stand Ups
    </h2>
    <p>
      Classic Slot Games
    </p>
    <p>
      43" flat screen & 43" curved screen
    </p>
  </section>
  <section>
    <h2>
      Fish Tables
    </h2>
    <p>
      Skill Games
    </p>
    <p>
      63" & 85" screens
    </p>
  </section>
  <section>
    <h2>
      Accessories
    </h2>
    <p>
      Chairs
    </p>
    <p>
      Desks
    </p>
  </section>
</div>
`;
