// Jest Snapshot v1, https://goo.gl/fbAQLP

exports[`ContactForm renders correctly 1`] = `
<form
  className=""
  id="contact-form"
  onSubmit={[Function]}
>
  <div
    className="form-group"
  >
    <label
      className="form-label"
      htmlFor="name"
    >
      Name
    </label>
    <input
      className="form-control"
      id="name"
      min={3}
      name="name"
      onChange={[Function]}
      required={true}
      type="text"
      value=""
    />
  </div>
  <div
    className="form-group"
  >
    <label
      className="form-label"
      htmlFor="email"
    >
      Email address
    </label>
    <input
      className="form-control"
      id="email"
      min={6}
      name="email"
      onChange={[Function]}
      required={true}
      type="email"
      value=""
    />
  </div>
  <div
    className="form-group"
  >
    <label
      className="form-label"
      htmlFor="phone"
    >
      Phone Number
    </label>
    <input
      className="form-control"
      id="phone"
      min={6}
      name="phone"
      onChange={[Function]}
      pattern="[0-9]{3}[0-9]{3}-[0-9]{4}"
      required={true}
      type="tel"
      value=""
    />
  </div>
  <div
    className="form-group"
  >
    <label
      className="form-label"
      htmlFor="department"
    >
      Subject
    </label>
    <select
      className="custom-select"
      id="department"
      name="subject"
      onChange={[Function]}
      required={true}
      value="Purchasing Machine"
    >
      <option>
        Purchasing Machine
      </option>
      <option>
        Leasing Machine
      </option>
      <option>
        Consulting Services
      </option>
      <option>
        Store Setup Services
      </option>
      <option>
        Repair Services
      </option>
    </select>
  </div>
  <div
    className="form-group"
  >
    <label
      className="form-label"
      htmlFor="message"
    >
      Message
    </label>
    <textarea
      className="form-control"
      cols={80}
      id="message"
      name="message"
      onChange={[Function]}
      required={true}
      rows={5}
      value=""
    />
  </div>
  <button
    className="sc-bdfBwQ iQVvZW btn btn-primary"
    disabled={false}
    type="submit"
  >
    Submit
  </button>
</form>
`;
